// Jest Snapshot v1, https://goo.gl/fbAQLP

exports[`Snapshot 1`] = `
{
  "Outputs": {
    "AdultAPIEndpointC7F58898": {
      "Value": {
        "Fn::Join": [
          "",
          [
            "https://",
            {
              "Ref": "AdultAPIE8FC036D",
            },
            ".execute-api.",
            {
              "Ref": "AWS::Region",
            },
            ".",
            {
              "Ref": "AWS::URLSuffix",
            },
            "/",
            {
              "Ref": "AdultAPIDeploymentStageprod129759DA",
            },
            "/",
          ],
        ],
      },
    },
    "TestBucket": {
      "Value": "",
    },
  },
  "Parameters": {
    "BootstrapVersion": {
      "Default": "/cdk-bootstrap/hnb659fds/version",
      "Description": "Version of the CDK Bootstrap resources in this environment, automatically retrieved from SSM Parameter Store. [cdk:skip]",
      "Type": "AWS::SSM::Parameter::Value<String>",
    },
  },
  "Resources": {
    "AdultAPIAccount21D4EE67": {
      "DeletionPolicy": "Retain",
      "DependsOn": [
        "AdultAPIE8FC036D",
      ],
      "Properties": {
        "CloudWatchRoleArn": {
          "Fn::GetAtt": [
            "AdultAPICloudWatchRole6EEFF4D1",
            "Arn",
          ],
        },
      },
      "Type": "AWS::ApiGateway::Account",
      "UpdateReplacePolicy": "Retain",
    },
    "AdultAPICloudWatchRole6EEFF4D1": {
      "DeletionPolicy": "Retain",
      "Properties": {
        "AssumeRolePolicyDocument": {
          "Statement": [
            {
              "Action": "sts:AssumeRole",
              "Effect": "Allow",
              "Principal": {
                "Service": "apigateway.amazonaws.com",
              },
            },
          ],
          "Version": "2012-10-17",
        },
        "ManagedPolicyArns": [
          {
            "Fn::Join": [
              "",
              [
                "arn:",
                {
                  "Ref": "AWS::Partition",
                },
                ":iam::aws:policy/service-role/AmazonAPIGatewayPushToCloudWatchLogs",
              ],
            ],
          },
        ],
      },
      "Type": "AWS::IAM::Role",
      "UpdateReplacePolicy": "Retain",
    },
    "AdultAPIDeployment7AD98FF71f023008aafdb20d4c4350dd63b8b018": {
      "DependsOn": [
        "AdultAPIhealthGET1D243DC1",
        "AdultAPIhealthB895B028",
      ],
      "Properties": {
        "Description": "Automatically created by the RestApi construct",
        "RestApiId": {
          "Ref": "AdultAPIE8FC036D",
        },
      },
      "Type": "AWS::ApiGateway::Deployment",
    },
    "AdultAPIDeploymentStageprod129759DA": {
      "DependsOn": [
        "AdultAPIAccount21D4EE67",
      ],
      "Properties": {
        "DeploymentId": {
          "Ref": "AdultAPIDeployment7AD98FF71f023008aafdb20d4c4350dd63b8b018",
        },
        "RestApiId": {
          "Ref": "AdultAPIE8FC036D",
        },
        "StageName": "prod",
      },
      "Type": "AWS::ApiGateway::Stage",
    },
    "AdultAPIE8FC036D": {
      "Properties": {
        "Name": "AdultAPI",
      },
      "Type": "AWS::ApiGateway::RestApi",
    },
    "AdultAPIhealthB895B028": {
      "Properties": {
        "ParentId": {
          "Fn::GetAtt": [
            "AdultAPIE8FC036D",
            "RootResourceId",
          ],
        },
        "PathPart": "health",
        "RestApiId": {
          "Ref": "AdultAPIE8FC036D",
        },
      },
      "Type": "AWS::ApiGateway::Resource",
    },
    "AdultAPIhealthGET1D243DC1": {
      "Properties": {
        "AuthorizationType": "NONE",
        "HttpMethod": "GET",
        "Integration": {
          "IntegrationHttpMethod": "POST",
          "Type": "AWS_PROXY",
          "Uri": {
            "Fn::Join": [
              "",
              [
                "arn:",
                {
                  "Ref": "AWS::Partition",
                },
                ":apigateway:",
                {
                  "Ref": "AWS::Region",
                },
                ":lambda:path/2015-03-31/functions/",
                {
                  "Fn::GetAtt": [
                    "healthC878E2FF",
                    "Arn",
                  ],
                },
                "/invocations",
              ],
            ],
          },
        },
        "ResourceId": {
          "Ref": "AdultAPIhealthB895B028",
        },
        "RestApiId": {
          "Ref": "AdultAPIE8FC036D",
        },
      },
      "Type": "AWS::ApiGateway::Method",
    },
    "AdultAPIhealthGETApiPermissionTesttestAdultAPIB078B3EBGEThealth55D24495": {
      "Properties": {
        "Action": "lambda:InvokeFunction",
        "FunctionName": {
          "Fn::GetAtt": [
            "healthC878E2FF",
            "Arn",
          ],
        },
        "Principal": "apigateway.amazonaws.com",
        "SourceArn": {
          "Fn::Join": [
            "",
            [
              "arn:",
              {
                "Ref": "AWS::Partition",
              },
              ":execute-api:",
              {
                "Ref": "AWS::Region",
              },
              ":",
              {
                "Ref": "AWS::AccountId",
              },
              ":",
              {
                "Ref": "AdultAPIE8FC036D",
              },
              "/test-invoke-stage/GET/health",
            ],
          ],
        },
      },
      "Type": "AWS::Lambda::Permission",
    },
    "AdultAPIhealthGETApiPermissiontestAdultAPIB078B3EBGEThealth155E6911": {
      "Properties": {
        "Action": "lambda:InvokeFunction",
        "FunctionName": {
          "Fn::GetAtt": [
            "healthC878E2FF",
            "Arn",
          ],
        },
        "Principal": "apigateway.amazonaws.com",
        "SourceArn": {
          "Fn::Join": [
            "",
            [
              "arn:",
              {
                "Ref": "AWS::Partition",
              },
              ":execute-api:",
              {
                "Ref": "AWS::Region",
              },
              ":",
              {
                "Ref": "AWS::AccountId",
              },
              ":",
              {
                "Ref": "AdultAPIE8FC036D",
              },
              "/",
              {
                "Ref": "AdultAPIDeploymentStageprod129759DA",
              },
              "/GET/health",
            ],
          ],
        },
      },
      "Type": "AWS::Lambda::Permission",
    },
    "healthC878E2FF": {
      "DependsOn": [
        "healthServiceRole962E3AA5",
      ],
      "Properties": {
        "Code": {
          "S3Bucket": {
            "Fn::Sub": "cdk-hnb659fds-assets-\${AWS::AccountId}-\${AWS::Region}",
          },
          "S3Key": "326d707c89cdb0e9a15346ce9ce37662d569aac82b91c1d1b2f0ef2f6173d4a6.zip",
        },
        "Environment": {
          "Variables": {
            "SOME_KEY": "some_key variable",
          },
        },
        "Handler": "index.handler",
        "Role": {
          "Fn::GetAtt": [
            "healthServiceRole962E3AA5",
            "Arn",
          ],
        },
        "Runtime": "nodejs20.x",
      },
      "Type": "AWS::Lambda::Function",
    },
    "healthServiceRole962E3AA5": {
      "Properties": {
        "AssumeRolePolicyDocument": {
          "Statement": [
            {
              "Action": "sts:AssumeRole",
              "Effect": "Allow",
              "Principal": {
                "Service": "lambda.amazonaws.com",
              },
            },
          ],
          "Version": "2012-10-17",
        },
        "ManagedPolicyArns": [
          {
            "Fn::Join": [
              "",
              [
                "arn:",
                {
                  "Ref": "AWS::Partition",
                },
                ":iam::aws:policy/service-role/AWSLambdaBasicExecutionRole",
              ],
            ],
          },
        ],
      },
      "Type": "AWS::IAM::Role",
    },
  },
  "Rules": {
    "CheckBootstrapVersion": {
      "Assertions": [
        {
          "Assert": {
            "Fn::Not": [
              {
                "Fn::Contains": [
                  [
                    "1",
                    "2",
                    "3",
                    "4",
                    "5",
                  ],
                  {
                    "Ref": "BootstrapVersion",
                  },
                ],
              },
            ],
          },
          "AssertDescription": "CDK bootstrap stack version 6 required. Please run 'cdk bootstrap' with a recent version of the CDK CLI.",
        },
      ],
    },
  },
}
`;
